{
  "version": "1.5.0",
  "plugins_used": [
    {
      "name": "ArtifactoryDetector"
    },
    {
      "name": "AWSKeyDetector"
    },
    {
      "name": "AzureStorageKeyDetector"
    },
    {
      "name": "Base64HighEntropyString",
      "limit": 4.5
    },
    {
      "name": "BasicAuthDetector"
    },
    {
      "name": "CloudantDetector"
    },
    {
      "name": "DiscordBotTokenDetector"
    },
    {
      "name": "GitHubTokenDetector"
    },
    {
      "name": "GitLabTokenDetector"
    },
    {
      "name": "HexHighEntropyString",
      "limit": 3.0
    },
    {
      "name": "IbmCloudIamDetector"
    },
    {
      "name": "IbmCosHmacDetector"
    },
    {
      "name": "IPPublicDetector"
    },
    {
      "name": "JwtTokenDetector"
    },
    {
      "name": "KeywordDetector",
      "keyword_exclude": ""
    },
    {
      "name": "MailchimpDetector"
    },
    {
      "name": "NpmDetector"
    },
    {
      "name": "OpenAIDetector"
    },
    {
      "name": "PrivateKeyDetector"
    },
    {
      "name": "PypiTokenDetector"
    },
    {
      "name": "SendGridDetector"
    },
    {
      "name": "SlackDetector"
    },
    {
      "name": "SoftlayerDetector"
    },
    {
      "name": "SquareOAuthDetector"
    },
    {
      "name": "StripeDetector"
    },
    {
      "name": "TelegramBotTokenDetector"
    },
    {
      "name": "TwilioKeyDetector"
    }
  ],
  "filters_used": [
    {
      "path": "detect_secrets.filters.allowlist.is_line_allowlisted"
    },
    {
      "path": "detect_secrets.filters.common.is_baseline_file",
      "filename": ".secrets.baseline"
    },
    {
      "path": "detect_secrets.filters.common.is_ignored_due_to_verification_policies",
      "min_level": 2
    },
    {
      "path": "detect_secrets.filters.heuristic.is_indirect_reference"
    },
    {
      "path": "detect_secrets.filters.heuristic.is_likely_id_string"
    },
    {
      "path": "detect_secrets.filters.heuristic.is_lock_file"
    },
    {
      "path": "detect_secrets.filters.heuristic.is_not_alphanumeric_string"
    },
    {
      "path": "detect_secrets.filters.heuristic.is_potential_uuid"
    },
    {
      "path": "detect_secrets.filters.heuristic.is_prefixed_with_dollar_sign"
    },
    {
      "path": "detect_secrets.filters.heuristic.is_sequential_string"
    },
    {
      "path": "detect_secrets.filters.heuristic.is_swagger_file"
    },
    {
      "path": "detect_secrets.filters.heuristic.is_templated_secret"
    }
  ],
  "results": {
    ".env.example": [
      {
        "type": "Basic Auth Credentials",
        "filename": ".env.example",
        "hashed_secret": "5baa61e4c9b93f3f0682250b6cf8331b7ee68fd8",
        "is_verified": false,
        "line_number": 6,
        "is_secret": false
      }
    ],
    ".github/workflows/ci.yml": [
      {
        "type": "Secret Keyword",
        "filename": ".github/workflows/ci.yml",
        "hashed_secret": "ab1dbe467fea8a7f1f78ed5fe74ba6ce08485cf8",
        "is_verified": false,
        "line_number": 45,
        "is_secret": false
      }
    ],
    "README.md": [
      {
        "type": "Secret Keyword",
        "filename": "README.md",
        "hashed_secret": "6a0a4bb0bca25876dc92f18623c4a53d34b9d1d8",
        "is_verified": false,
        "line_number": 252,
        "is_secret": false
      }
    ],
    "docs/technology_stack.md": [
      {
        "type": "Basic Auth Credentials",
        "filename": "docs/technology_stack.md",
        "hashed_secret": "5baa61e4c9b93f3f0682250b6cf8331b7ee68fd8",
        "is_verified": false,
        "line_number": 603,
        "is_secret": false
      },
      {
        "type": "Basic Auth Credentials",
        "filename": "docs/technology_stack.md",
        "hashed_secret": "9d4e1e23bd5b727046a9e3b4b7db57bd8d6ee684",
        "is_verified": false,
        "line_number": 766,
        "is_secret": false
      }
    ],
    "frontend/.vercel/project.json": [
      {
        "type": "Base64 High Entropy String",
        "filename": "frontend/.vercel/project.json",
        "hashed_secret": "7e7c84ab35b118d4b1723db0b91174730842f11c",
        "is_verified": false,
        "line_number": 1,
        "is_secret": false
      }
    ],
    "packages/api/config.py": [
      {
        "type": "Basic Auth Credentials",
        "filename": "packages/api/config.py",
        "hashed_secret": "5baa61e4c9b93f3f0682250b6cf8331b7ee68fd8",
        "is_verified": false,
        "line_number": 20,
        "is_secret": false
      }
    ],
    "packages/judge/dast/targets/vulnerable_app.py": [
      {
        "type": "Secret Keyword",
        "filename": "packages/judge/dast/targets/vulnerable_app.py",
        "hashed_secret": "5fad75d5fd9354576514e599cda2fd411a48bcdc",
        "is_verified": false,
        "line_number": 93,
        "is_secret": false
      }
    ],
    "packages/judge/dast/targets/vulnerable_app_js.js": [
      {
        "type": "Secret Keyword",
        "filename": "packages/judge/dast/targets/vulnerable_app_js.js",
        "hashed_secret": "21dde79b804497e122f38dabc393f8e94f103ca6",
        "is_verified": false,
        "line_number": 23,
        "is_secret": false
      },
      {
        "type": "Secret Keyword",
        "filename": "packages/judge/dast/targets/vulnerable_app_js.js",
        "hashed_secret": "cbfdac6008f9cab4083784cbd1874f76618d2a97",
        "is_verified": false,
        "line_number": 24,
        "is_secret": false
      },
      {
        "type": "Secret Keyword",
        "filename": "packages/judge/dast/targets/vulnerable_app_js.js",
        "hashed_secret": "5fad75d5fd9354576514e599cda2fd411a48bcdc",
        "is_verified": false,
        "line_number": 53,
        "is_secret": false
      }
    ],
    "tests/unit/test_auth.py": [
      {
        "type": "Secret Keyword",
        "filename": "tests/unit/test_auth.py",
        "hashed_secret": "905d125d12295c57e4de6eef7dda19f79557527d",
        "is_verified": false,
        "line_number": 89,
        "is_secret": false
      }
    ],
    "tests/unit/test_training_service.py": [
      {
        "type": "Secret Keyword",
        "filename": "tests/unit/test_training_service.py",
        "hashed_secret": "2105b17f96091dfaaf20329734a2ce8bff736398",
        "is_verified": false,
        "line_number": 44,
        "is_secret": false
      },
      {
        "type": "Secret Keyword",
        "filename": "tests/unit/test_training_service.py",
        "hashed_secret": "31317ff4dee8e8bdf7fe392d1fcbdd853502c00c",
        "is_verified": false,
        "line_number": 45,
        "is_secret": false
      }
    ]
  },
  "generated_at": "2026-09-12T19:34:50Z"
}
